2067 Oak St                                                                                                                                                                                             |Phoenix  WA 10087  Mexico                                                                                                                                                                               |
678 Main St                                                                                                                                                                                             |Aust                                                                                                                                                                                                    |in  NY 72292  UK                                                                                                                                                                                        |
3412 Washington Blvd                                                                                                                                                                                    |Chicago  MI 39403  France                                                                                                                                                                               |
4931 Broad                                                                                                                                                                                              |way  Chicago  AZ 73758  Germany                                                                                                                                                                         |
9190 Oak St                                                                                                                                                                                             |Houst                                                                                                                                                                                                   |on  CA 36440  Germany                                                                                                                                                                                   |
735 Pine Rd  Houst                                                                                                                                                                                      |on  AZ 13779  Italy                                                                                                                                                                                     |
9216 Pine Rd                                                                                                                                                                                            |Chicago  WA 68385  Mexico                                                                                                                                                                               |
6407 Main St                                                                                                                                                                                            |Chicago  FL 30340  Mexico                                                                                                                                                                               |
7647 Broad                                                                                                                                                                                              |way  Jacksonville  IL 60427  Japan                                                                                                                                                                      |
8195 Main St                                                                                                                                                                                            |Phoenix  NC 75506  UK                                                                                                                                                                                   |
9314 Maple St                                                                                                                                                                                           |Los Angeles  MI 53360  Mexico                                                                                                                                                                           |
8117 Elm St                                                                                                                                                                                             |Jacksonville  WA 21685  UK                                                                                                                                                                              |
902 Lakeview Dr  San Francisco  MI 54767  Aust                                                                                                                                                          |ralia                                                                                                                                                                                                   |
9830 Elm St                                                                                                                                                                                             |New York  NY 57307  Mexico                                                                                                                                                                              |
1224 Oak St                                                                                                                                                                                             |Houst                                                                                                                                                                                                   |on  OH 12439  USA                                                                                                                                                                                       |
6789 Lakeview Dr                                                                                                                                                                                        |Dallas  NC 41664  France                                                                                                                                                                                |
9462 Oak St                                                                                                                                                                                             |San Francisco  FL 75813  Aust                                                                                                                                                                           |ralia                                                                                                                                                                                                   |
8994 Washington Blvd                                                                                                                                                                                    |Chicago  NY 83087  UK                                                                                                                                                                                   |
5266 Washington Blvd                                                                                                                                                                                    |San Jose  NY 12521  Germany                                                                                                                                                                             |
4294 Elm St                                                                                                                                                                                             |Phoenix  WA 74792  Spain                                                                                                                                                                                |
4678 Broadway  Aust                                                                                                                                                                                     |in  WA 83821  UK                                                                                                                                                                                        |
2148 Broad                                                                                                                                                                                              |way  Los Angeles  WA 11207  France                                                                                                                                                                      |
9245 Elm St                                                                                                                                                                                             |Phoenix  AZ 84588  Italy                                                                                                                                                                                |
9788 Main St                                                                                                                                                                                            |Houst                                                                                                                                                                                                   |on  WA 97068  USA                                                                                                                                                                                       |
2030 Cedar Ave  Phoenix  AZ 59525  Aust                                                                                                                                                                 |ralia                                                                                                                                                                                                   |
3714 Maple St                                                                                                                                                                                           |Chicago  NC 61534  Mexico                                                                                                                                                                               |
2235 Broad                                                                                                                                                                                              |way  San Francisco  FL 83576  Mexico                                                                                                                                                                    |
9561 Oak St                                                                                                                                                                                             |Jacksonville  MI 46459  France                                                                                                                                                                          |
8751 Elm St                                                                                                                                                                                             |Houst                                                                                                                                                                                                   |on  WA 21251  UK                                                                                                                                                                                        |
3626 Elm St                                                                                                                                                                                             |Houst                                                                                                                                                                                                   |on  WA 81398  Canada                                                                                                                                                                                    |
8019 Highland Ave                                                                                                                                                                                       |San Jose  FL 96991  France                                                                                                                                                                              |
4093 Highland Ave                                                                                                                                                                                       |San Francisco  AZ 95087  Mexico                                                                                                                                                                         |
5438 Cedar Ave  Aust                                                                                                                                                                                    |in  AZ 38037  Japan                                                                                                                                                                                     |
9223 Lakeview Dr                                                                                                                                                                                        |New York  NC 25137  UK                                                                                                                                                                                  |
6473 Elm St                                                                                                                                                                                             |New York  CA 94310  USA                                                                                                                                                                                 |
5633 Oak St                                                                                                                                                                                             |Aust                                                                                                                                                                                                    |in  MI 84985  UK                                                                                                                                                                                        |
5785 Broadway  Aust                                                                                                                                                                                     |in  FL 77217  Aust                                                                                                                                                                                      |ralia                                                                                                                                                                                                   |
4192 Washington Blvd                                                                                                                                                                                    |Jacksonville  NC 95082  France                                                                                                                                                                          |
4580 Highland Ave  San Jose  OH 27062  Aust                                                                                                                                                             |ralia                                                                                                                                                                                                   |
5360 Maple St                                                                                                                                                                                           |Dallas  NY 42191  France                                                                                                                                                                                |
2504 Washington Blvd                                                                                                                                                                                    |San Francisco  MI 84025  Japan                                                                                                                                                                          |
626 Oak St                                                                                                                                                                                              |Phoenix  CA 86824  France                                                                                                                                                                               |
5052 Maple St                                                                                                                                                                                           |Phoenix  WA 34930  USA                                                                                                                                                                                  |
6913 Main St                                                                                                                                                                                            |San Jose  NY 11855  UK                                                                                                                                                                                  |
5361 Main St                                                                                                                                                                                            |San Jose  TX 49074  Germany                                                                                                                                                                             |
2471 Lakeview Dr                                                                                                                                                                                        |Jacksonville  FL 80680  USA                                                                                                                                                                             |
1041 Cedar Ave  Chicago  IL 48663  Aust                                                                                                                                                                 |ralia                                                                                                                                                                                                   |
713 Highland Ave  Aust                                                                                                                                                                                  |in  CA 25109  Canada                                                                                                                                                                                    |
2938 Washington Blvd                                                                                                                                                                                    |New York  TX 77593  Italy                                                                                                                                                                               |
6913 Oak St                                                                                                                                                                                             |San Francisco  CA 52225  Japan                                                                                                                                                                          |
1659 Oak St                                                                                                                                                                                             |Los Angeles  WA 93332  Spain                                                                                                                                                                            |
7652 Oak St                                                                                                                                                                                             |Phoenix  CA 90044  Mexico                                                                                                                                                                               |
183 Lakeview Dr  Aust                                                                                                                                                                                   |in  WA 13352  Canada                                                                                                                                                                                    |
6391 Lakeview Dr                                                                                                                                                                                        |New York  WA 80505  Spain                                                                                                                                                                               |
5350 Maple St                                                                                                                                                                                           |Aust                                                                                                                                                                                                    |in  TX 83776  France                                                                                                                                                                                    |
8556 Broad                                                                                                                                                                                              |way  San Jose  CA 27122  Spain                                                                                                                                                                          |
1178 Highland Ave  New York  CA 96265  Aust                                                                                                                                                             |ralia                                                                                                                                                                                                   |
9433 Oak St                                                                                                                                                                                             |Aust                                                                                                                                                                                                    |in  IL 99459  Canada                                                                                                                                                                                    |
9982 Pine Rd                                                                                                                                                                                            |Dallas  WA 80951  Germany                                                                                                                                                                               |
7953 Cedar Ave                                                                                                                                                                                          |New York  WA 44832  Germany                                                                                                                                                                             |
1005 Cedar Ave  Aust                                                                                                                                                                                    |in  AZ 13182  Italy                                                                                                                                                                                     |
1090 Oak St                                                                                                                                                                                             |New York  NY 49755  Spain                                                                                                                                                                               |
839 Maple St                                                                                                                                                                                            |Houst                                                                                                                                                                                                   |on  NC 69710  Japan                                                                                                                                                                                     |
5880 Highland Ave                                                                                                                                                                                       |New York  FL 18613  Japan                                                                                                                                                                               |
4775 Lakeview Dr                                                                                                                                                                                        |San Jose  IL 60922  France                                                                                                                                                                              |
889 Oak St                                                                                                                                                                                              |Aust                                                                                                                                                                                                    |in  CA 41748  Japan                                                                                                                                                                                     |
8080 Pine Rd                                                                                                                                                                                            |San Jose  NY 22287  Italy                                                                                                                                                                               |
9457 Main St                                                                                                                                                                                            |Chicago  MI 43030  Spain                                                                                                                                                                                |
4344 Oak St                                                                                                                                                                                             |San Francisco  MI 66921  Japan                                                                                                                                                                          |
3055 Main St                                                                                                                                                                                            |Dallas  FL 66517  Canada                                                                                                                                                                                |
6835 Elm St                                                                                                                                                                                             |Jacksonville  CA 62666  Japan                                                                                                                                                                           |
9097 Broad                                                                                                                                                                                              |way  Chicago  TX 82448  France                                                                                                                                                                          |
8571 Broadway  San Francisco  FL 67408  Aust                                                                                                                                                            |ralia                                                                                                                                                                                                   |
2935 Main St                                                                                                                                                                                            |San Francisco  AZ 20204  France                                                                                                                                                                         |
8246 Cedar Ave  Houst                                                                                                                                                                                   |on  CA 58693  France                                                                                                                                                                                    |
1643 Oak St                                                                                                                                                                                             |Dallas  CA 76778  Japan                                                                                                                                                                                 |
846 Pine Rd                                                                                                                                                                                             |Dallas  WA 70964  Canada                                                                                                                                                                                |
3352 Elm St                                                                                                                                                                                             |San Francisco  IL 19660  Aust                                                                                                                                                                           |ralia                                                                                                                                                                                                   |
8549 Maple St                                                                                                                                                                                           |Chicago  NY 90844  Mexico                                                                                                                                                                               |
1618 Main St                                                                                                                                                                                            |Aust                                                                                                                                                                                                    |in  FL 35322  Spain                                                                                                                                                                                     |
2438 Oak St                                                                                                                                                                                             |Dallas  AZ 58273  USA                                                                                                                                                                                   |
3245 Maple St                                                                                                                                                                                           |New York  TX 58550  France                                                                                                                                                                              |
3818 Washington Blvd                                                                                                                                                                                    |Dallas  OH 74074  UK                                                                                                                                                                                    |
9910 Broad                                                                                                                                                                                              |way  Los Angeles  TX 13228  Spain                                                                                                                                                                       |
9206 Washington Blvd  Aust                                                                                                                                                                              |in  MI 87006  France                                                                                                                                                                                    |
5970 Broad                                                                                                                                                                                              |way  Phoenix  FL 60982  UK                                                                                                                                                                              |
2762 Elm St                                                                                                                                                                                             |Aust                                                                                                                                                                                                    |in  IL 45809  Italy                                                                                                                                                                                     |
5007 Highland Ave                                                                                                                                                                                       |San Francisco  NC 87729  Germany                                                                                                                                                                        |
7956 Lakeview Dr  Aust                                                                                                                                                                                  |in  WA 90886  Mexico                                                                                                                                                                                    |
5505 Oak St                                                                                                                                                                                             |Los Angeles  NC 14223  Spain                                                                                                                                                                            |
5427 Broad                                                                                                                                                                                              |way  Dallas  TX 39352  Germany                                                                                                                                                                          |
9862 Washington Blvd                                                                                                                                                                                    |Chicago  IL 28483  Canada                                                                                                                                                                               |
3473 Pine Rd                                                                                                                                                                                            |New York  FL 53919  USA                                                                                                                                                                                 |
8364 Washington Blvd  Aust                                                                                                                                                                              |in  AZ 74707  UK                                                                                                                                                                                        |
6537 Elm St                                                                                                                                                                                             |Dallas  AZ 76689  Germany                                                                                                                                                                               |
9368 Main St                                                                                                                                                                                            |San Jose  NC 45562  Mexico                                                                                                                                                                              |
4611 Main St                                                                                                                                                                                            |Phoenix  NC 94424  UK                                                                                                                                                                                   |
3994 Washington Blvd                                                                                                                                                                                    |New York  FL 40246  Canada                                                                                                                                                                              |
8501 Washington Blvd                                                                                                                                                                                    |Jacksonville  FL 69347  Canada                                                                                                                                                                          |
5265 Main St                                                                                                                                                                                            |New York  CA 64618  Mexico                                                                                                                                                                              |
Rm. 9  5 F.-1  No. 656-88  Aly. 321  Ln. 123  Sec. 4  Bade Rd.  Songshan Dist                                                                                                                           |.  Taipei City                                                                                                                                                                                          |105034  Taiwan                                                                                                                                                                                          |(R.O.C.)                                                                                                                                                                                                |
2911 Chino Ave                                                                                                                                                                                          |.  Unit F2  Chino Hills  CA 91709  USA                                                                                                                                                                  |
1600 Amphitheatre Parkway  Mountain View  CA 94043  USA                                                                                                                                                 |
Potsdamer Platz 1  10785 Berlin  Germany                                                                                                                                                                |
Piazza del Colosseo  1  00184 Roma RM  Italy                                                                                                                                                            |
175 Queen Street                                                                                                                                                                                        |Auckland 1010  New Zealand                                                                                                                                                                              |
200 Bourke Street                                                                                                                                                                                       |Melbourne VIC 3000  Aust                                                                                                                                                                                |ralia                                                                                                                                                                                                   |
221B Baker Street                                                                                                                                                                                       |London NW1 6XE  UK                                                                                                                                                                                      |
10 Downing Street                                                                                                                                                                                       |West                                                                                                                                                                                                    |minst                                                                                                                                                                                                   |er  London SW1A 2AA  UK                                                                                                                                                                                 |
1 Chome-1-2 Oshiage  Sumida City                                                                                                                                                                        |Tokyo 131-8634  Japan                                                                                                                                                                                   |
3989 Highland Ave                                                                                                                                                                                       |asdfghjklqwertyuASDFGHJizxcvbaqsdfghjk Greenville  NY 18837                                                                                                                                             |
3989 Highland Ave                                                                                                                                                                                       |asdfghjklqwertyuASDFGHJizxcv Greenville  NY 18837                                                                                                                                                       |
12345 Long Road Name Without Keyword ABCDEFGHIJKLMNOPQRST                                                                                                                                               |UVWXYZ                                                                                                                                                                                                  |
3989 Highland Ave                                                                                                                                                                                       |asdfghjklqwer Rivertown tyuASDFGHJizxcvb Greenville City                                                                                                                                                |NY 18837                                                                                                                                                                                                |
